Andy@Andy MINGW64 ~
$ cd Desktop/Digital\ House/Actividades/Act\ Clase\ 3

Andy@Andy MINGW64 ~/Desktop/Digital House/Actividades/Act Clase 3
$ ls
 DH/  'Entrega Git Bash.txt'  'Entrega VSCode.txt'

Andy@Andy MINGW64 ~/Desktop/Digital House/Actividades/Act Clase 3
$ cd dh

Andy@Andy MINGW64 ~/Desktop/Digital House/Actividades/Act Clase 3/dh
$ cd Películas/

Andy@Andy MINGW64 ~/Desktop/Digital House/Actividades/Act Clase 3/dh/Películas
$ mv Accion/Cars.jpg Infantiles/Cars.jpg Accion/Diario\ de\ una\ pasion.js Romanticas/Diario\ de\ una\ pasion.js
mv: target 'Romanticas/Diario de una pasion.js' is not a directory

Andy@Andy MINGW64 ~/Desktop/Digital House/Actividades/Act Clase 3/dh/Películas
$ mv Accion/Cars.jpg Infantiles/Cars.jpg

Andy@Andy MINGW64 ~/Desktop/Digital House/Actividades/Act Clase 3/dh/Películas
$ mv Accion/Diario\ de\ una\ pasion.js Romanticas/"Diario de una pasion.js"

Andy@Andy MINGW64 ~/Desktop/Digital House/Actividades/Act Clase 3/dh/Películas
$ mv Accion/El\ hexorcista.xls Terror/El\ hexorcista.xls

Andy@Andy MINGW64 ~/Desktop/Digital House/Actividades/Act Clase 3/dh/Películas
$ cd Comedia/

Andy@Andy MINGW64 ~/Desktop/Digital House/Actividades/Act Clase 3/dh/Películas/Comedia
$ mv IT.xls ../Terror/IT.xls

Andy@Andy MINGW64 ~/Desktop/Digital House/Actividades/Act Clase 3/dh/Películas/Comedia
$ mv Madagaskar.js ../Infantiles/Madagaskar.js

Andy@Andy MINGW64 ~/Desktop/Digital House/Actividades/Act Clase 3/dh/Películas/Comedia
$ mv Mision\ imposible.png ../Accion/Mision\ Imposible.png

Andy@Andy MINGW64 ~/Desktop/Digital House/Actividades/Act Clase 3/dh/Películas/Comedia
$ cd ../Infantiles/

Andy@Andy MINGW64 ~/Desktop/Digital House/Actividades/Act Clase 3/dh/Películas/Infantiles
$ mv El\ juego\ del\ miedo.xls ../Terror/El\ juego\ del\ miedo.xls

Andy@Andy MINGW64 ~/Desktop/Digital House/Actividades/Act Clase 3/dh/Películas/Infantiles
$ mv Rapido\ y\ furioso.pdf ../Accion/Rapido\ y\ furioso.pdf

Andy@Andy MINGW64 ~/Desktop/Digital House/Actividades/Act Clase 3/dh/Películas/Infantiles
$ mv Titanic.jpg ../Romanticas/Titanic.jpg

Andy@Andy MINGW64 ~/Desktop/Digital House/Actividades/Act Clase 3/dh/Películas/Infantiles
$ cd ../Romanticas/

Andy@Andy MINGW64 ~/Desktop/Digital House/Actividades/Act Clase 3/dh/Películas/Romanticas
$ mv Annabelle.js ../Terror/Annabelle.js

Andy@Andy MINGW64 ~/Desktop/Digital House/Actividades/Act Clase 3/dh/Películas/Romanticas
$ mv La\ mascara.js ../Comedia/La\ mascara.js

Andy@Andy MINGW64 ~/Desktop/Digital House/Actividades/Act Clase 3/dh/Películas/Romanticas
$ mv Los\ vengadores.js ../Accion/Los\ vengadores.js

Andy@Andy MINGW64 ~/Desktop/Digital House/Actividades/Act Clase 3/dh/Películas/Romanticas
$ mv Pocahontas.jpg ../Infantiles/Pocahontas.jpg

Andy@Andy MINGW64 ~/Desktop/Digital House/Actividades/Act Clase 3/dh/Películas/Romanticas
$ cd ../Terror/

Andy@Andy MINGW64 ~/Desktop/Digital House/Actividades/Act Clase 3/dh/Películas/Terror
$ mv La\ dama\ y\ el\ bagavundo.png ../Infantiles/La\ dama\ y\ el\ vagabundo.png

Andy@Andy MINGW64 ~/Desktop/Digital House/Actividades/Act Clase 3/dh/Películas/Terror
$ mv Que\ paso\ ayer.pdf ../Comedia/Que\ paso\ ayer.pdf

Andy@Andy MINGW64 ~/Desktop/Digital House/Actividades/Act Clase 3/dh/Películas/Terror
$ mv Yo\ antes\ de\ ti.xls ../Romanticas/Yo\ antes\ de\ ti.xls

Andy@Andy MINGW64 ~/Desktop/Digital House/Actividades/Act Clase 3/dh/Películas/Terror
$ cd ../ ../
bash: cd: too many arguments

Andy@Andy MINGW64 ~/Desktop/Digital House/Actividades/Act Clase 3/dh/Películas/Terror
$ cd ../../

Andy@Andy MINGW64 ~/Desktop/Digital House/Actividades/Act Clase 3/dh
$ mv Películas/Infantiles/Intenzamente.txt Películas/Infantiles/Intensamente.txt

Andy@Andy MINGW64 ~/Desktop/Digital House/Actividades/Act Clase 3/dh
$ mv Películas/Infantiles/Madagaskar.js Películas/Infantiles/Madagascar.js

Andy@Andy MINGW64 ~/Desktop/Digital House/Actividades/Act Clase 3/dh
$ mv Películas/Terror/El\ hexorcista.xls Películas/Terror/El\ exorcista.xls

Andy@Andy MINGW64 ~/Desktop/Digital House/Actividades/Act Clase 3/dh
$ rm Películas/Accion/Smooth\ criminal.txt Películas/Infantiles/Intensamente.txt Películas/Terror/We\ will\ rock\ you.js 

Andy@Andy MINGW64 ~/Desktop/Digital House/Actividades/Act Clase 3/dh
$ touch Películas/Accion/Prueba2/noBorrar.js

Andy@Andy MINGW64 ~/Desktop/Digital House/Actividades/Act Clase 3/dh
$ cd Películas/

Andy@Andy MINGW64 ~/Desktop/Digital House/Actividades/Act Clase 3/dh/Películas
$ mv Accion/Prueba2/noBorrar.js Romanticas/Prueba/noBorrar.js

Andy@Andy MINGW64 ~/Desktop/Digital House/Actividades/Act Clase 3/dh/Películas
$ cd ..

Andy@Andy MINGW64 ~/Desktop/Digital House/Actividades/Act Clase 3/dh
$ touch camadax.txt

Andy@Andy MINGW64 ~/Desktop/Digital House/Actividades/Act Clase 3/dh
$ cd Películas/

Andy@Andy MINGW64 ~/Desktop/Digital House/Actividades/Act Clase 3/dh/Películas
$ mv Terror/IT.xls Infantiles/IT.xls

Andy@Andy MINGW64 ~/Desktop/Digital House/Actividades/Act Clase 3/dh/Películas
$ rm ../camadax.txt 

Andy@Andy MINGW64 ~/Desktop/Digital House/Actividades/Act Clase 3/dh/Películas
$ rm Romanticas/Prueba
rm: cannot remove 'Romanticas/Prueba': Is a directory

Andy@Andy MINGW64 ~/Desktop/Digital House/Actividades/Act Clase 3/dh/Películas
$ rm Romanticas/Prueba/
rm: cannot remove 'Romanticas/Prueba/': Is a directory

Andy@Andy MINGW64 ~/Desktop/Digital House/Actividades/Act Clase 3/dh/Películas
$ mv Romanticas/Prueba/
mv: missing destination file operand after 'Romanticas/Prueba/'
Try 'mv --help' for more information.

Andy@Andy MINGW64 ~/Desktop/Digital House/Actividades/Act Clase 3/dh/Películas
$ rm --help
Usage: rm [OPTION]... [FILE]...
Remove (unlink) the FILE(s).

  -f, --force           ignore nonexistent files and arguments, never prompt
  -i                    prompt before every removal
  -I                    prompt once before removing more than three files, or
                          when removing recursively; less intrusive than -i,
                          while still giving protection against most mistakes
      --interactive[=WHEN]  prompt according to WHEN: never, once (-I), or
                          always (-i); without WHEN, prompt always
      --one-file-system  when removing a hierarchy recursively, skip any
                          directory that is on a file system different from
                          that of the corresponding command line argument
      --no-preserve-root  do not treat '/' specially
      --preserve-root[=all]  do not remove '/' (default);
                              with 'all', reject any command line argument
                              on a separate device from its parent
  -r, -R, --recursive   remove directories and their contents recursively
  -d, --dir             remove empty directories
  -v, --verbose         explain what is being done
      --help     display this help and exit
      --version  output version information and exit

By default, rm does not remove directories.  Use the --recursive (-r or -R)
option to remove each listed directory, too, along with all of its contents.

To remove a file whose name starts with a '-', for example '-foo',
use one of these commands:
  rm -- -foo

  rm ./-foo

Note that if you use rm to remove a file, it might be possible to recover
some of its contents, given sufficient expertise and/or time.  For greater
assurance that the contents are truly unrecoverable, consider using shred.

GNU coreutils online help: <https://www.gnu.org/software/coreutils/>
Full documentation <https://www.gnu.org/software/coreutils/rm>
or available locally via: info '(coreutils) rm invocation'

Andy@Andy MINGW64 ~/Desktop/Digital House/Actividades/Act Clase 3/dh/Películas
$ rm Romanticas/Prueba -r